Output of the process:

username: peterpan
password: notyourchoice